--- q1 pg_parallel ---
q1 pg_parallel run1: 4067 ms (ok)
q1 pg_parallel run2: 4061 ms (ok)
q1 pg_parallel run3: 4065 ms (ok)
q1 pg_parallel median: 4065 ms (4.065 s) status=ok
--- q1 volvec_parallel ---
q1 volvec_parallel run1: 2045 ms (ok)
q1 volvec_parallel run2: 2060 ms (ok)
q1 volvec_parallel run3: 2040 ms (ok)
q1 volvec_parallel median: 2045 ms (2.045 s) status=ok
--- q6 pg_parallel ---
q6 pg_parallel run1: 1031 ms (ok)
q6 pg_parallel run2: 1031 ms (ok)
q6 pg_parallel run3: 1030 ms (ok)
q6 pg_parallel median: 1031 ms (1.031 s) status=ok
--- q6 volvec_parallel ---
q6 volvec_parallel run1: 1036 ms (ok)
q6 volvec_parallel run2: 1036 ms (ok)
q6 volvec_parallel run3: 1037 ms (ok)
q6 volvec_parallel median: 1036 ms (1.036 s) status=ok
--- q10 pg_parallel ---
q10 pg_parallel run1: 3048 ms (ok)
q10 pg_parallel run2: 3043 ms (ok)
q10 pg_parallel run3: 3053 ms (ok)
q10 pg_parallel median: 3048 ms (3.048 s) status=ok
--- q10 volvec_parallel ---
q10 volvec_parallel run1: 2039 ms (ok)
q10 volvec_parallel run2: 2043 ms (ok)
q10 volvec_parallel run3: 2046 ms (ok)
q10 volvec_parallel median: 2043 ms (2.043 s) status=ok

Results TSV: /Users/chenyunwen/proj/postgres/contrib/pg_volvec/benchmarks/q1_q6_q10_pg_vs_volvec_20260509_175234.tsv
Results LOG: /Users/chenyunwen/proj/postgres/contrib/pg_volvec/benchmarks/q1_q6_q10_pg_vs_volvec_20260509_175234.log
