--- q1 pg_parallel ---
q1 pg_parallel run1: 4069 ms (ok)
q1 pg_parallel run2: 4063 ms (ok)
q1 pg_parallel run3: 4073 ms (ok)
q1 pg_parallel median: 4069 ms (4.069 s) status=ok
--- q1 volvec_parallel ---
q1 volvec_parallel run1: 2038 ms (ok)
q1 volvec_parallel run2: 2045 ms (ok)
q1 volvec_parallel run3: 2043 ms (ok)
q1 volvec_parallel median: 2043 ms (2.043 s) status=ok
--- q6 pg_parallel ---
q6 pg_parallel run1: 2044 ms (ok)
q6 pg_parallel run2: 2043 ms (ok)
q6 pg_parallel run3: 2037 ms (ok)
q6 pg_parallel median: 2043 ms (2.043 s) status=ok
--- q6 volvec_parallel ---
q6 volvec_parallel run1: 2047 ms (ok)
q6 volvec_parallel run2: 2052 ms (ok)
q6 volvec_parallel run3: 2049 ms (ok)
q6 volvec_parallel median: 2049 ms (2.049 s) status=ok
--- q10 pg_parallel ---
q10 pg_parallel run1: 4059 ms (ok)
q10 pg_parallel run2: 4063 ms (ok)
q10 pg_parallel run3: 4070 ms (ok)
q10 pg_parallel median: 4063 ms (4.063 s) status=ok
--- q10 volvec_parallel ---
q10 volvec_parallel run1: 107964 ms (error)
q10 volvec_parallel run2: 112980 ms (error)
q10 volvec_parallel run3: 112980 ms (error)
q10 volvec_parallel median: 112980 ms (112.980 s) status=error

Results TSV: /Users/chenyunwen/proj/postgres/contrib/pg_volvec/benchmarks/q1_q6_q10_pg_vs_volvec_20260509_153142.tsv
Results LOG: /Users/chenyunwen/proj/postgres/contrib/pg_volvec/benchmarks/q1_q6_q10_pg_vs_volvec_20260509_153142.log
