--- q1 pg_parallel ---
q1 pg_parallel run1: 4058 ms (ok)
q1 pg_parallel run2: 4068 ms (ok)
q1 pg_parallel run3: 4069 ms (ok)
q1 pg_parallel median: 4068 ms (4.068 s) status=ok
--- q6 pg_parallel ---
q6 pg_parallel run1: 2035 ms (ok)
q6 pg_parallel run2: 2053 ms (ok)
q6 pg_parallel run3: 2053 ms (ok)
q6 pg_parallel median: 2053 ms (2.053 s) status=ok
--- q10 pg_parallel ---
q10 pg_parallel run1: 4068 ms (ok)
q10 pg_parallel run2: 4069 ms (ok)
q10 pg_parallel run3: 3043 ms (ok)
q10 pg_parallel median: 4068 ms (4.068 s) status=ok
--- q14 pg_parallel ---
q14 pg_parallel run1: 2054 ms (ok)
q14 pg_parallel run2: 2043 ms (ok)
q14 pg_parallel run3: 2050 ms (ok)
q14 pg_parallel median: 2050 ms (2.050 s) status=ok
--- q1 volvec_parallel ---
q1 volvec_parallel run1: 2049 ms (ok)
q1 volvec_parallel run2: 2060 ms (ok)
q1 volvec_parallel run3: 2063 ms (ok)
q1 volvec_parallel median: 2060 ms (2.060 s) status=ok
--- q6 volvec_parallel ---
q6 volvec_parallel run1: 1035 ms (ok)
q6 volvec_parallel run2: 1033 ms (ok)
q6 volvec_parallel run3: 1028 ms (ok)
q6 volvec_parallel median: 1033 ms (1.033 s) status=ok
--- q10 volvec_parallel ---
q10 volvec_parallel run1: 3071 ms (ok)
q10 volvec_parallel run2: 2036 ms (ok)
q10 volvec_parallel run3: 2049 ms (ok)
q10 volvec_parallel median: 2049 ms (2.049 s) status=ok
--- q14 volvec_parallel ---
q14 volvec_parallel run1: 2055 ms (ok)
q14 volvec_parallel run2: 2050 ms (ok)
q14 volvec_parallel run3: 2058 ms (ok)
q14 volvec_parallel median: 2055 ms (2.055 s) status=ok

Results TSV: /Users/chenyunwen/proj/postgres/contrib/pg_volvec/benchmarks/tpch_pg_vs_volvec_20260509_214237.tsv
Results LOG: /Users/chenyunwen/proj/postgres/contrib/pg_volvec/benchmarks/tpch_pg_vs_volvec_20260509_214237.log
