\c postgres
SET client_min_messages = warning;
DROP DATABASE IF EXISTS pg_opt_wrappers;
CREATE DATABASE pg_opt_wrappers;
\c pg_opt_wrappers
SET client_min_messages = warning;
CREATE TABLE t1(id int, col int);
CREATE TABLE t2(id int, col int);
INSERT INTO t1
SELECT i,
       CASE
         WHEN i <= 20 THEN 1
         WHEN i <= 30 THEN 2
         ELSE i
       END
FROM generate_series(1, 100) AS g(i);
INSERT INTO t2
SELECT i,
       CASE
         WHEN i <= 10 THEN NULL::int
         ELSE i
       END
FROM generate_series(1, 50) AS g(i);
ANALYZE t1;
ANALYZE t2;
LOAD 'pg_duckdbopt';
SET client_min_messages = error;
\pset format unaligned
\t on
CREATE FUNCTION explain_filter(text) RETURNS SETOF text
LANGUAGE plpgsql AS
$$
DECLARE
    ln text;
BEGIN
    FOR ln IN EXECUTE $1 LOOP
        ln := regexp_replace(ln, 'relid=[0-9]+', 'relid=NNN', 'g');
        ln := regexp_replace(ln, '#[0-9]+', '#NNN', 'g');
        IF ln ~ '^[[:space:]]*explain_filter[[:space:]]*$' THEN
            ln := 'explain_filter';
        ELSIF ln ~ '^[[:space:]-]+$' THEN
            ln := '----------------';
        ELSIF ln <> '' THEN
            ln := ' ' || ln;
        END IF;
        RETURN NEXT ln;
    END LOOP;
END;
$$;
SELECT explain_filter($$EXPLAIN (VERBOSE, COSTS OFF) SELECT DISTINCT col FROM t1 ORDER BY col LIMIT 5$$);
 Custom Scan (DuckDBScan)
   DuckDB Logical Plan: Logical Plan:
 LogicalLimit(limit_count=BoundConstant(5), limit_offset=<null>, estimated_cardinality=5)
   LogicalOrder(orders=[BoundColumnRef(proj.col, binding=#[1.0])], estimated_cardinality=73)
     LogicalDistinct(expressions=[BoundColumnRef(proj.col, binding=#[1.0])], estimated_cardinality=73)
       LogicalProjection(table_index=#NNN, output_names=[col], expressions=[BoundColumnRef(t1.col, binding=#[0.1])], estimated_cardinality=100)
         LogicalGet(table=t1, table_index=#NNN, pg_rtindex=1, relid=NNN, filters=[], estimated_cardinality=100)

 Physical Plan:
 PhysicalLimit(limit_count=BoundConstant(5), limit_offset=<null>, estimated_cardinality=5)
   PhysicalOrder(orders=[BoundColumnRef(proj.col, binding=#[1.0])], estimated_cardinality=73)
     PhysicalDistinct(expressions=[BoundColumnRef(proj.col, binding=#[1.0])], estimated_cardinality=73)
       PhysicalProjection(select_list=[BoundColumnRef(t1.col, binding=#[0.1])], output_names=[col], estimated_cardinality=100)
         PhysicalTableScan(table=t1, table_index=#NNN, pg_rtindex=1, filters=[], estimated_cardinality=100)

SELECT explain_filter($$EXPLAIN (VERBOSE, COSTS OFF) SELECT * FROM (SELECT col FROM t1) s$$);
 Custom Scan (DuckDBScan)
   DuckDB Logical Plan: Logical Plan:
 LogicalProjection(table_index=#NNN, output_names=[col], expressions=[BoundColumnRef(s.col, binding=#[1.0])], estimated_cardinality=100)
   LogicalProjection(table_index=#NNN, output_names=[col], expressions=[BoundColumnRef(t1.col, binding=#[0.1])], estimated_cardinality=100)
     LogicalGet(table=t1, table_index=#NNN, pg_rtindex=1, relid=NNN, filters=[], estimated_cardinality=100)

 Physical Plan:
 PhysicalProjection(select_list=[BoundColumnRef(s.col, binding=#[1.0])], output_names=[col], estimated_cardinality=100)
   PhysicalProjection(select_list=[BoundColumnRef(t1.col, binding=#[0.1])], output_names=[col], estimated_cardinality=100)
     PhysicalTableScan(table=t1, table_index=#NNN, pg_rtindex=1, filters=[], estimated_cardinality=100)

SELECT explain_filter($$EXPLAIN (VERBOSE, COSTS OFF) WITH c AS (SELECT col FROM t1) SELECT * FROM c$$);
 Custom Scan (DuckDBScan)
   DuckDB Logical Plan: Logical Plan:
 LogicalProjection(table_index=#NNN, output_names=[col], expressions=[BoundColumnRef(c.col, binding=#[1.0])], estimated_cardinality=100)
   LogicalProjection(table_index=#NNN, output_names=[col], expressions=[BoundColumnRef(t1.col, binding=#[0.1])], estimated_cardinality=100)
     LogicalGet(table=t1, table_index=#NNN, pg_rtindex=1, relid=NNN, filters=[], estimated_cardinality=100)

 Physical Plan:
 PhysicalProjection(select_list=[BoundColumnRef(c.col, binding=#[1.0])], output_names=[col], estimated_cardinality=100)
   PhysicalProjection(select_list=[BoundColumnRef(t1.col, binding=#[0.1])], output_names=[col], estimated_cardinality=100)
     PhysicalTableScan(table=t1, table_index=#NNN, pg_rtindex=1, filters=[], estimated_cardinality=100)

SELECT explain_filter($$EXPLAIN (VERBOSE, COSTS OFF) SELECT * FROM (SELECT col AS c FROM t1) s WHERE c = 1$$);
 Custom Scan (DuckDBScan)
   DuckDB Logical Plan: Logical Plan:
 LogicalProjection(table_index=#NNN, output_names=[c], expressions=[BoundColumnRef(s.c, binding=#[1.0])], estimated_cardinality=21)
   LogicalProjection(table_index=#NNN, output_names=[c], expressions=[BoundColumnRef(t1.col, binding=#[0.1])], estimated_cardinality=21)
     LogicalGet(table=t1, table_index=#NNN, pg_rtindex=1, relid=NNN, filters=[BoundFunction(=#NNN, children=[BoundColumnRef(t1.col, binding=#[0.1]), BoundConstant(1)])], estimated_cardinality=21)

 Physical Plan:
 PhysicalProjection(select_list=[BoundColumnRef(s.c, binding=#[1.0])], output_names=[c], estimated_cardinality=21)
   PhysicalProjection(select_list=[BoundColumnRef(t1.col, binding=#[0.1])], output_names=[c], estimated_cardinality=21)
     PhysicalTableScan(table=t1, table_index=#NNN, pg_rtindex=1, filters=[BoundFunction(=#NNN, children=[BoundColumnRef(t1.col, binding=#[0.1]), BoundConstant(1)])], estimated_cardinality=21)

SELECT explain_filter($$EXPLAIN (VERBOSE, COSTS OFF) WITH c AS (SELECT col AS c FROM t1) SELECT * FROM c WHERE c = 1$$);
 Custom Scan (DuckDBScan)
   DuckDB Logical Plan: Logical Plan:
 LogicalProjection(table_index=#NNN, output_names=[c], expressions=[BoundColumnRef(c.c, binding=#[1.0])], estimated_cardinality=21)
   LogicalProjection(table_index=#NNN, output_names=[c], expressions=[BoundColumnRef(t1.col, binding=#[0.1])], estimated_cardinality=21)
     LogicalGet(table=t1, table_index=#NNN, pg_rtindex=1, relid=NNN, filters=[BoundFunction(=#NNN, children=[BoundColumnRef(t1.col, binding=#[0.1]), BoundConstant(1)])], estimated_cardinality=21)

 Physical Plan:
 PhysicalProjection(select_list=[BoundColumnRef(c.c, binding=#[1.0])], output_names=[c], estimated_cardinality=21)
   PhysicalProjection(select_list=[BoundColumnRef(t1.col, binding=#[0.1])], output_names=[c], estimated_cardinality=21)
     PhysicalTableScan(table=t1, table_index=#NNN, pg_rtindex=1, filters=[BoundFunction(=#NNN, children=[BoundColumnRef(t1.col, binding=#[0.1]), BoundConstant(1)])], estimated_cardinality=21)

SELECT explain_filter($$EXPLAIN (VERBOSE, COSTS OFF) SELECT * FROM (SELECT t1.col AS c1, t2.col AS c2 FROM t1 JOIN t2 ON t1.id = t2.id) s WHERE c1 = 1$$);
 Custom Scan (DuckDBScan)
   DuckDB Logical Plan: Logical Plan:
 LogicalProjection(table_index=#NNN, output_names=[c1, c2], expressions=[BoundColumnRef(s.c1, binding=#[2.0]), BoundColumnRef(s.c2, binding=#[2.1])], estimated_cardinality=210)
   LogicalProjection(table_index=#NNN, output_names=[c1, c2], expressions=[BoundColumnRef(t1.col, binding=#[0.1]), BoundColumnRef(t2.col, binding=#[1.1])], estimated_cardinality=210)
     LogicalComparisonJoin(type=INNER, perform_delim=false, any_join=false, invert_result=false, propagate_null_values=false, is_lateral_join=false, conditions=[BoundFunction(=#NNN, children=[BoundColumnRef(t1.id, binding=#[0.0]), BoundColumnRef(t2.id, binding=#[1.0])])], estimated_cardinality=210)
       LogicalGet(table=t1, table_index=#NNN, pg_rtindex=1, relid=NNN, filters=[BoundFunction(=#NNN, children=[BoundColumnRef(t1.col, binding=#[0.1]), BoundConstant(1)])], estimated_cardinality=21)
       LogicalGet(table=t2, table_index=#NNN, pg_rtindex=2, relid=NNN, filters=[], estimated_cardinality=50)

 Physical Plan:
 PhysicalProjection(select_list=[BoundColumnRef(s.c1, binding=#[2.0]), BoundColumnRef(s.c2, binding=#[2.1])], output_names=[c1, c2], estimated_cardinality=210)
   PhysicalProjection(select_list=[BoundColumnRef(t1.col, binding=#[0.1]), BoundColumnRef(t2.col, binding=#[1.1])], output_names=[c1, c2], estimated_cardinality=210)
     PhysicalHashJoin(type=INNER, dependent=false, invert_result=false, conditions=[BoundFunction(=#NNN, children=[BoundColumnRef(t1.id, binding=#[0.0]), BoundColumnRef(t2.id, binding=#[1.0])])], estimated_cardinality=210)
       PhysicalTableScan(table=t1, table_index=#NNN, pg_rtindex=1, filters=[BoundFunction(=#NNN, children=[BoundColumnRef(t1.col, binding=#[0.1]), BoundConstant(1)])], estimated_cardinality=21)
       PhysicalTableScan(table=t2, table_index=#NNN, pg_rtindex=2, filters=[], estimated_cardinality=50)

SELECT explain_filter($$EXPLAIN (VERBOSE, COSTS OFF) SELECT t1.id, t2.col FROM t1 LEFT JOIN t2 ON t1.id = t2.id$$);
 Custom Scan (DuckDBScan)
   DuckDB Logical Plan: Logical Plan:
 LogicalProjection(table_index=#NNN, output_names=[id, col], expressions=[BoundColumnRef(t1.id, binding=#[0.0]), BoundColumnRef(t2.col, binding=#[1.1])], estimated_cardinality=100)
   LogicalComparisonJoin(type=LEFT, perform_delim=false, any_join=false, invert_result=false, propagate_null_values=false, is_lateral_join=false, conditions=[BoundFunction(=#NNN, children=[BoundColumnRef(t1.id, binding=#[0.0]), BoundColumnRef(t2.id, binding=#[1.0])])], estimated_cardinality=100)
     LogicalGet(table=t1, table_index=#NNN, pg_rtindex=1, relid=NNN, filters=[], estimated_cardinality=100)
     LogicalGet(table=t2, table_index=#NNN, pg_rtindex=2, relid=NNN, filters=[], estimated_cardinality=50)

 Physical Plan:
 PhysicalProjection(select_list=[BoundColumnRef(t1.id, binding=#[0.0]), BoundColumnRef(t2.col, binding=#[1.1])], output_names=[id, col], estimated_cardinality=100)
   PhysicalHashJoin(type=LEFT, dependent=false, invert_result=false, conditions=[BoundFunction(=#NNN, children=[BoundColumnRef(t1.id, binding=#[0.0]), BoundColumnRef(t2.id, binding=#[1.0])])], estimated_cardinality=100)
     PhysicalTableScan(table=t1, table_index=#NNN, pg_rtindex=1, filters=[], estimated_cardinality=100)
     PhysicalTableScan(table=t2, table_index=#NNN, pg_rtindex=2, filters=[], estimated_cardinality=50)

SELECT explain_filter($$EXPLAIN (VERBOSE, COSTS OFF) SELECT * FROM (SELECT col + 1 AS c FROM t1) s WHERE c = 2$$);
 Custom Scan (DuckDBScan)
   DuckDB Logical Plan: Logical Plan:
 LogicalProjection(table_index=#NNN, output_names=[c], expressions=[BoundColumnRef(s.c, binding=#[1.0])], estimated_cardinality=11)
   LogicalFilter(expressions=[BoundFunction(=#NNN, children=[BoundColumnRef(s.c, binding=#[1.0]), BoundConstant(2)])], estimated_cardinality=11)
     LogicalProjection(table_index=#NNN, output_names=[c], expressions=[BoundFunction(+#NNN, children=[BoundColumnRef(t1.col, binding=#[0.1]), BoundConstant(1)])], estimated_cardinality=100)
       LogicalGet(table=t1, table_index=#NNN, pg_rtindex=1, relid=NNN, filters=[], estimated_cardinality=100)

 Physical Plan:
 PhysicalProjection(select_list=[BoundColumnRef(s.c, binding=#[1.0])], output_names=[c], estimated_cardinality=11)
   PhysicalFilter(expressions=[BoundFunction(=#NNN, children=[BoundColumnRef(s.c, binding=#[1.0]), BoundConstant(2)])], estimated_cardinality=11)
     PhysicalProjection(select_list=[BoundFunction(+#NNN, children=[BoundColumnRef(t1.col, binding=#[0.1]), BoundConstant(1)])], output_names=[c], estimated_cardinality=100)
       PhysicalTableScan(table=t1, table_index=#NNN, pg_rtindex=1, filters=[], estimated_cardinality=100)

SELECT explain_filter($$EXPLAIN (VERBOSE, COSTS OFF) SELECT t1.id, EXISTS (SELECT 1 FROM t2 WHERE t2.id = t1.id) AS hit FROM t1$$);
 Custom Scan (DuckDBScan)
   DuckDB Logical Plan: Logical Plan:
 LogicalProjection(table_index=#NNN, output_names=[id, hit], expressions=[BoundColumnRef(t1.id, binding=#[0.0]), BoundColumnRef(subquery.mark, binding=#[4.0])], estimated_cardinality=100)
   LogicalComparisonJoin(type=MARK, mark_index=#NNN, perform_delim=false, any_join=false, invert_result=false, propagate_null_values=false, is_lateral_join=false, conditions=[BoundFunction(=#NNN, children=[BoundColumnRef(proj.id, binding=#[3.1]), BoundColumnRef(t1.id, binding=#[0.0])])], estimated_cardinality=100)
     LogicalGet(table=t1, table_index=#NNN, pg_rtindex=1, relid=NNN, filters=[], estimated_cardinality=100)
     LogicalProjection(table_index=#NNN, output_names=[?column?, id], expressions=[BoundConstant(1), BoundColumnRef(t2.id, binding=#[2.0])], estimated_cardinality=50)
       LogicalGet(table=t2, table_index=#NNN, pg_rtindex=1, relid=NNN, filters=[], estimated_cardinality=50)

 Physical Plan:
 PhysicalProjection(select_list=[BoundColumnRef(t1.id, binding=#[0.0]), BoundColumnRef(subquery.mark, binding=#[4.0])], output_names=[id, hit], estimated_cardinality=100)
   PhysicalHashJoin(type=MARK, dependent=false, mark_index=#NNN, invert_result=false, conditions=[BoundFunction(=#NNN, children=[BoundColumnRef(proj.id, binding=#[3.1]), BoundColumnRef(t1.id, binding=#[0.0])])], estimated_cardinality=100)
     PhysicalTableScan(table=t1, table_index=#NNN, pg_rtindex=1, filters=[], estimated_cardinality=100)
     PhysicalProjection(select_list=[BoundConstant(1), BoundColumnRef(t2.id, binding=#[2.0])], output_names=[?column?, id], estimated_cardinality=50)
       PhysicalTableScan(table=t2, table_index=#NNN, pg_rtindex=1, filters=[], estimated_cardinality=50)

SELECT explain_filter($$EXPLAIN (VERBOSE, COSTS OFF) SELECT * FROM (SELECT t1.id, EXISTS (SELECT 1 FROM t2 WHERE t2.id = t1.id) AS hit FROM t1) s WHERE hit$$);
 Custom Scan (DuckDBScan)
   DuckDB Logical Plan: Logical Plan:
 LogicalProjection(table_index=#NNN, output_names=[id, hit], expressions=[BoundColumnRef(s.id, binding=#[1.0]), BoundColumnRef(s.hit, binding=#[1.1])], estimated_cardinality=50)
   LogicalProjection(table_index=#NNN, output_names=[id, hit], expressions=[BoundColumnRef(t1.id, binding=#[0.0]), BoundColumnRef(subquery.mark, binding=#[4.0])], estimated_cardinality=50)
     LogicalComparisonJoin(type=SEMI, children_swapped=true, perform_delim=false, any_join=false, invert_result=false, propagate_null_values=false, is_lateral_join=false, conditions=[BoundFunction(=#NNN, children=[BoundColumnRef(proj.id, binding=#[3.1]), BoundColumnRef(t1.id, binding=#[0.0])])], estimated_cardinality=50)
       LogicalGet(table=t1, table_index=#NNN, pg_rtindex=1, relid=NNN, filters=[], estimated_cardinality=100)
       LogicalProjection(table_index=#NNN, output_names=[?column?, id], expressions=[BoundConstant(1), BoundColumnRef(t2.id, binding=#[2.0])], estimated_cardinality=50)
         LogicalGet(table=t2, table_index=#NNN, pg_rtindex=1, relid=NNN, filters=[], estimated_cardinality=50)

 Physical Plan:
 PhysicalProjection(select_list=[BoundColumnRef(s.id, binding=#[1.0]), BoundColumnRef(s.hit, binding=#[1.1])], output_names=[id, hit], estimated_cardinality=50)
   PhysicalProjection(select_list=[BoundColumnRef(t1.id, binding=#[0.0]), BoundColumnRef(subquery.mark, binding=#[4.0])], output_names=[id, hit], estimated_cardinality=50)
     PhysicalHashJoin(type=SEMI, dependent=false, children_swapped=true, invert_result=false, conditions=[BoundFunction(=#NNN, children=[BoundColumnRef(proj.id, binding=#[3.1]), BoundColumnRef(t1.id, binding=#[0.0])])], estimated_cardinality=50)
       PhysicalTableScan(table=t1, table_index=#NNN, pg_rtindex=1, filters=[], estimated_cardinality=100)
       PhysicalProjection(select_list=[BoundConstant(1), BoundColumnRef(t2.id, binding=#[2.0])], output_names=[?column?, id], estimated_cardinality=50)
         PhysicalTableScan(table=t2, table_index=#NNN, pg_rtindex=1, filters=[], estimated_cardinality=50)

SELECT explain_filter($$EXPLAIN (VERBOSE, COSTS OFF) SELECT * FROM (SELECT q.id, q.hit, row_number() OVER (ORDER BY q.id) AS rn FROM (SELECT t1.id, EXISTS (SELECT 1 FROM t2 WHERE t2.id = t1.id) AS hit FROM t1) q) s WHERE hit$$);
 Custom Scan (DuckDBScan)
   DuckDB Logical Plan: Logical Plan:
 LogicalProjection(table_index=#NNN, output_names=[id, hit, rn], expressions=[BoundColumnRef(s.id, binding=#[6.0]), BoundColumnRef(s.hit, binding=#[6.1]), BoundColumnRef(s.rn, binding=#[6.2])], estimated_cardinality=100)
   LogicalProjection(table_index=#NNN, output_names=[id, hit, rn], expressions=[BoundColumnRef(q.id, binding=#[1.0]), BoundColumnRef(q.hit, binding=#[1.1]), BoundColumnRef(window.rn, binding=#[5.0])], estimated_cardinality=100)
     LogicalWindow(table_index=#NNN, functions=[row_number], output_names=[rn], partitions=[], orders=[BoundColumnRef(q.id, binding=#[1.0])], estimated_cardinality=100)
       LogicalProjection(table_index=#NNN, output_names=[id, hit], expressions=[BoundColumnRef(t1.id, binding=#[0.0]), BoundColumnRef(subquery.mark, binding=#[4.0])], estimated_cardinality=50)
         LogicalComparisonJoin(type=SEMI, perform_delim=false, any_join=false, invert_result=false, propagate_null_values=false, is_lateral_join=false, conditions=[BoundFunction(=#NNN, children=[BoundColumnRef(proj.id, binding=#[3.1]), BoundColumnRef(t1.id, binding=#[0.0])])], estimated_cardinality=50)
           LogicalGet(table=t1, table_index=#NNN, pg_rtindex=1, relid=NNN, filters=[], estimated_cardinality=100)
           LogicalProjection(table_index=#NNN, output_names=[?column?, id], expressions=[BoundConstant(1), BoundColumnRef(t2.id, binding=#[2.0])], estimated_cardinality=50)
             LogicalGet(table=t2, table_index=#NNN, pg_rtindex=1, relid=NNN, filters=[], estimated_cardinality=50)

 Physical Plan:
 PhysicalProjection(select_list=[BoundColumnRef(s.id, binding=#[6.0]), BoundColumnRef(s.hit, binding=#[6.1]), BoundColumnRef(s.rn, binding=#[6.2])], output_names=[id, hit, rn], estimated_cardinality=100)
   PhysicalProjection(select_list=[BoundColumnRef(q.id, binding=#[1.0]), BoundColumnRef(q.hit, binding=#[1.1]), BoundColumnRef(window.rn, binding=#[5.0])], output_names=[id, hit, rn], estimated_cardinality=100)
     PhysicalWindow(table_index=#NNN, functions=[row_number], output_names=[rn], partitions=[], orders=[BoundColumnRef(q.id, binding=#[1.0])], estimated_cardinality=100)
       PhysicalProjection(select_list=[BoundColumnRef(t1.id, binding=#[0.0]), BoundColumnRef(subquery.mark, binding=#[4.0])], output_names=[id, hit], estimated_cardinality=50)
         PhysicalHashJoin(type=SEMI, dependent=false, invert_result=false, conditions=[BoundFunction(=#NNN, children=[BoundColumnRef(proj.id, binding=#[3.1]), BoundColumnRef(t1.id, binding=#[0.0])])], estimated_cardinality=50)
           PhysicalTableScan(table=t1, table_index=#NNN, pg_rtindex=1, filters=[], estimated_cardinality=100)
           PhysicalProjection(select_list=[BoundConstant(1), BoundColumnRef(t2.id, binding=#[2.0])], output_names=[?column?, id], estimated_cardinality=50)
             PhysicalTableScan(table=t2, table_index=#NNN, pg_rtindex=1, filters=[], estimated_cardinality=50)

SELECT explain_filter($$EXPLAIN (VERBOSE, COSTS OFF) SELECT * FROM (SELECT col, count(*) AS cnt FROM t1 GROUP BY col) s WHERE col = 1$$);
 Custom Scan (DuckDBScan)
   DuckDB Logical Plan: Logical Plan:
 LogicalProjection(table_index=#NNN, output_names=[col, cnt], expressions=[BoundColumnRef(s.col, binding=#[3.0]), BoundColumnRef(s.cnt, binding=#[3.1])], estimated_cardinality=16)
   LogicalProjection(table_index=#NNN, output_names=[col, cnt], expressions=[BoundColumnRef(t1.col, binding=#[1.0]), BoundColumnRef(agg.cnt, binding=#[2.0])], estimated_cardinality=16)
     LogicalAggregate(group_index=#NNN, aggregate_index=#NNN, group_names=[col], aggregate_names=[cnt], groups=[BoundColumnRef(t1.col, binding=#[0.1])], expressions=[BoundAggregate(count#NNN)], estimated_cardinality=16)
       LogicalGet(table=t1, table_index=#NNN, pg_rtindex=1, relid=NNN, filters=[BoundFunction(=#NNN, children=[BoundColumnRef(t1.col, binding=#[0.1]), BoundConstant(1)])], estimated_cardinality=21)

 Physical Plan:
 PhysicalProjection(select_list=[BoundColumnRef(s.col, binding=#[3.0]), BoundColumnRef(s.cnt, binding=#[3.1])], output_names=[col, cnt], estimated_cardinality=16)
   PhysicalProjection(select_list=[BoundColumnRef(t1.col, binding=#[1.0]), BoundColumnRef(agg.cnt, binding=#[2.0])], output_names=[col, cnt], estimated_cardinality=16)
     PhysicalHashAggregate(group_index=#NNN, aggregate_index=#NNN, group_names=[col], aggregate_names=[cnt], groups=[BoundColumnRef(t1.col, binding=#[0.1])], expressions=[BoundAggregate(count#NNN)], estimated_cardinality=16)
       PhysicalTableScan(table=t1, table_index=#NNN, pg_rtindex=1, filters=[BoundFunction(=#NNN, children=[BoundColumnRef(t1.col, binding=#[0.1]), BoundConstant(1)])], estimated_cardinality=21)

SELECT explain_filter($$EXPLAIN (VERBOSE, COSTS OFF) SELECT * FROM (SELECT col, count(*) AS cnt FROM t1 GROUP BY col) s WHERE cnt > 10$$);
 Custom Scan (DuckDBScan)
   DuckDB Logical Plan: Logical Plan:
 LogicalProjection(table_index=#NNN, output_names=[col, cnt], expressions=[BoundColumnRef(s.col, binding=#[3.0]), BoundColumnRef(s.cnt, binding=#[3.1])], estimated_cardinality=0)
   LogicalProjection(table_index=#NNN, output_names=[col, cnt], expressions=[BoundColumnRef(t1.col, binding=#[1.0]), BoundColumnRef(agg.cnt, binding=#[2.0])], estimated_cardinality=0)
     LogicalFilter(expressions=[BoundFunction(>#NNN, children=[BoundColumnRef(agg.cnt, binding=#[2.0]), BoundConstant(10)])], estimated_cardinality=0)
       LogicalAggregate(group_index=#NNN, aggregate_index=#NNN, group_names=[col], aggregate_names=[cnt], groups=[BoundColumnRef(t1.col, binding=#[0.1])], expressions=[BoundAggregate(count#NNN)], estimated_cardinality=73)
         LogicalGet(table=t1, table_index=#NNN, pg_rtindex=1, relid=NNN, filters=[], estimated_cardinality=100)

 Physical Plan:
 PhysicalProjection(select_list=[BoundColumnRef(s.col, binding=#[3.0]), BoundColumnRef(s.cnt, binding=#[3.1])], output_names=[col, cnt], estimated_cardinality=0)
   PhysicalProjection(select_list=[BoundColumnRef(t1.col, binding=#[1.0]), BoundColumnRef(agg.cnt, binding=#[2.0])], output_names=[col, cnt], estimated_cardinality=0)
     PhysicalFilter(expressions=[BoundFunction(>#NNN, children=[BoundColumnRef(agg.cnt, binding=#[2.0]), BoundConstant(10)])], estimated_cardinality=0)
       PhysicalHashAggregate(group_index=#NNN, aggregate_index=#NNN, group_names=[col], aggregate_names=[cnt], groups=[BoundColumnRef(t1.col, binding=#[0.1])], expressions=[BoundAggregate(count#NNN)], estimated_cardinality=73)
         PhysicalTableScan(table=t1, table_index=#NNN, pg_rtindex=1, filters=[], estimated_cardinality=100)

SELECT explain_filter($$EXPLAIN (VERBOSE, COSTS OFF) SELECT * FROM (SELECT col, count(*) AS cnt FROM t1 GROUP BY col) s WHERE col = 1 AND cnt > 10$$);
 Custom Scan (DuckDBScan)
   DuckDB Logical Plan: Logical Plan:
 LogicalProjection(table_index=#NNN, output_names=[col, cnt], expressions=[BoundColumnRef(s.col, binding=#[3.0]), BoundColumnRef(s.cnt, binding=#[3.1])], estimated_cardinality=0)
   LogicalProjection(table_index=#NNN, output_names=[col, cnt], expressions=[BoundColumnRef(t1.col, binding=#[1.0]), BoundColumnRef(agg.cnt, binding=#[2.0])], estimated_cardinality=0)
     LogicalFilter(expressions=[BoundFunction(>#NNN, children=[BoundColumnRef(agg.cnt, binding=#[2.0]), BoundConstant(10)])], estimated_cardinality=0)
       LogicalAggregate(group_index=#NNN, aggregate_index=#NNN, group_names=[col], aggregate_names=[cnt], groups=[BoundColumnRef(t1.col, binding=#[0.1])], expressions=[BoundAggregate(count#NNN)], estimated_cardinality=16)
         LogicalGet(table=t1, table_index=#NNN, pg_rtindex=1, relid=NNN, filters=[BoundFunction(=#NNN, children=[BoundColumnRef(t1.col, binding=#[0.1]), BoundConstant(1)])], estimated_cardinality=21)

 Physical Plan:
 PhysicalProjection(select_list=[BoundColumnRef(s.col, binding=#[3.0]), BoundColumnRef(s.cnt, binding=#[3.1])], output_names=[col, cnt], estimated_cardinality=0)
   PhysicalProjection(select_list=[BoundColumnRef(t1.col, binding=#[1.0]), BoundColumnRef(agg.cnt, binding=#[2.0])], output_names=[col, cnt], estimated_cardinality=0)
     PhysicalFilter(expressions=[BoundFunction(>#NNN, children=[BoundColumnRef(agg.cnt, binding=#[2.0]), BoundConstant(10)])], estimated_cardinality=0)
       PhysicalHashAggregate(group_index=#NNN, aggregate_index=#NNN, group_names=[col], aggregate_names=[cnt], groups=[BoundColumnRef(t1.col, binding=#[0.1])], expressions=[BoundAggregate(count#NNN)], estimated_cardinality=16)
         PhysicalTableScan(table=t1, table_index=#NNN, pg_rtindex=1, filters=[BoundFunction(=#NNN, children=[BoundColumnRef(t1.col, binding=#[0.1]), BoundConstant(1)])], estimated_cardinality=21)

SELECT explain_filter($$EXPLAIN (VERBOSE, COSTS OFF) SELECT * FROM (SELECT col + 1 AS c, count(*) AS cnt FROM t1 GROUP BY col + 1) s WHERE c = 2$$);
 Custom Scan (DuckDBScan)
   DuckDB Logical Plan: Logical Plan:
 LogicalProjection(table_index=#NNN, output_names=[c, cnt], expressions=[BoundColumnRef(s.c, binding=#[3.0]), BoundColumnRef(s.cnt, binding=#[3.1])], estimated_cardinality=20)
   LogicalProjection(table_index=#NNN, output_names=[c, cnt], expressions=[BoundColumnRef(.c, binding=#[1.0]), BoundColumnRef(agg.cnt, binding=#[2.0])], estimated_cardinality=20)
     LogicalAggregate(group_index=#NNN, aggregate_index=#NNN, group_names=[c], aggregate_names=[cnt], groups=[BoundFunction(+#NNN, children=[BoundColumnRef(t1.col, binding=#[0.1]), BoundConstant(1)])], expressions=[BoundAggregate(count#NNN)], estimated_cardinality=20)
       LogicalGet(table=t1, table_index=#NNN, pg_rtindex=1, relid=NNN, filters=[BoundFunction(=#NNN, children=[BoundFunction(+#NNN, children=[BoundColumnRef(t1.col, binding=#[0.1]), BoundConstant(1)]), BoundConstant(2)])], estimated_cardinality=20)

 Physical Plan:
 PhysicalProjection(select_list=[BoundColumnRef(s.c, binding=#[3.0]), BoundColumnRef(s.cnt, binding=#[3.1])], output_names=[c, cnt], estimated_cardinality=20)
   PhysicalProjection(select_list=[BoundColumnRef(.c, binding=#[1.0]), BoundColumnRef(agg.cnt, binding=#[2.0])], output_names=[c, cnt], estimated_cardinality=20)
     PhysicalHashAggregate(group_index=#NNN, aggregate_index=#NNN, group_names=[c], aggregate_names=[cnt], groups=[BoundFunction(+#NNN, children=[BoundColumnRef(t1.col, binding=#[0.1]), BoundConstant(1)])], expressions=[BoundAggregate(count#NNN)], estimated_cardinality=20)
       PhysicalTableScan(table=t1, table_index=#NNN, pg_rtindex=1, filters=[BoundFunction(=#NNN, children=[BoundFunction(+#NNN, children=[BoundColumnRef(t1.col, binding=#[0.1]), BoundConstant(1)]), BoundConstant(2)])], estimated_cardinality=20)

SELECT explain_filter($$EXPLAIN (VERBOSE, COSTS OFF) SELECT col, count(*) FROM t1 GROUP BY col HAVING col = 1$$);
 Custom Scan (DuckDBScan)
   DuckDB Logical Plan: Logical Plan:
 LogicalProjection(table_index=#NNN, output_names=[col, count], expressions=[BoundColumnRef(t1.col, binding=#[1.0]), BoundColumnRef(agg.count, binding=#[2.0])], estimated_cardinality=16)
   LogicalAggregate(group_index=#NNN, aggregate_index=#NNN, group_names=[col], aggregate_names=[count], groups=[BoundColumnRef(t1.col, binding=#[0.1])], expressions=[BoundAggregate(count#NNN)], estimated_cardinality=16)
     LogicalGet(table=t1, table_index=#NNN, pg_rtindex=1, relid=NNN, filters=[BoundFunction(=#NNN, children=[BoundColumnRef(t1.col, binding=#[0.1]), BoundConstant(1)])], estimated_cardinality=21)

 Physical Plan:
 PhysicalProjection(select_list=[BoundColumnRef(t1.col, binding=#[1.0]), BoundColumnRef(agg.count, binding=#[2.0])], output_names=[col, count], estimated_cardinality=16)
   PhysicalHashAggregate(group_index=#NNN, aggregate_index=#NNN, group_names=[col], aggregate_names=[count], groups=[BoundColumnRef(t1.col, binding=#[0.1])], expressions=[BoundAggregate(count#NNN)], estimated_cardinality=16)
     PhysicalTableScan(table=t1, table_index=#NNN, pg_rtindex=1, filters=[BoundFunction(=#NNN, children=[BoundColumnRef(t1.col, binding=#[0.1]), BoundConstant(1)])], estimated_cardinality=21)

SELECT explain_filter($$EXPLAIN (VERBOSE, COSTS OFF) SELECT col, count(*) FROM t1 GROUP BY col HAVING count(*) > 10$$);
 Custom Scan (DuckDBScan)
   DuckDB Logical Plan: Logical Plan:
 LogicalProjection(table_index=#NNN, output_names=[col, count], expressions=[BoundColumnRef(t1.col, binding=#[1.0]), BoundColumnRef(agg.count, binding=#[2.0])], estimated_cardinality=0)
   LogicalFilter(expressions=[BoundFunction(>#NNN, children=[BoundColumnRef(agg.count, binding=#[2.0]), BoundConstant(10)])], estimated_cardinality=0)
     LogicalAggregate(group_index=#NNN, aggregate_index=#NNN, group_names=[col], aggregate_names=[count], groups=[BoundColumnRef(t1.col, binding=#[0.1])], expressions=[BoundAggregate(count#NNN)], estimated_cardinality=73)
       LogicalGet(table=t1, table_index=#NNN, pg_rtindex=1, relid=NNN, filters=[], estimated_cardinality=100)

 Physical Plan:
 PhysicalProjection(select_list=[BoundColumnRef(t1.col, binding=#[1.0]), BoundColumnRef(agg.count, binding=#[2.0])], output_names=[col, count], estimated_cardinality=0)
   PhysicalFilter(expressions=[BoundFunction(>#NNN, children=[BoundColumnRef(agg.count, binding=#[2.0]), BoundConstant(10)])], estimated_cardinality=0)
     PhysicalHashAggregate(group_index=#NNN, aggregate_index=#NNN, group_names=[col], aggregate_names=[count], groups=[BoundColumnRef(t1.col, binding=#[0.1])], expressions=[BoundAggregate(count#NNN)], estimated_cardinality=73)
       PhysicalTableScan(table=t1, table_index=#NNN, pg_rtindex=1, filters=[], estimated_cardinality=100)

SELECT explain_filter($$EXPLAIN (VERBOSE, COSTS OFF) SELECT col, count(*) FROM t1 GROUP BY col HAVING col = 1 AND count(*) > 10$$);
 Custom Scan (DuckDBScan)
   DuckDB Logical Plan: Logical Plan:
 LogicalProjection(table_index=#NNN, output_names=[col, count], expressions=[BoundColumnRef(t1.col, binding=#[1.0]), BoundColumnRef(agg.count, binding=#[2.0])], estimated_cardinality=0)
   LogicalFilter(expressions=[BoundFunction(>#NNN, children=[BoundColumnRef(agg.count, binding=#[2.0]), BoundConstant(10)])], estimated_cardinality=0)
     LogicalAggregate(group_index=#NNN, aggregate_index=#NNN, group_names=[col], aggregate_names=[count], groups=[BoundColumnRef(t1.col, binding=#[0.1])], expressions=[BoundAggregate(count#NNN)], estimated_cardinality=16)
       LogicalGet(table=t1, table_index=#NNN, pg_rtindex=1, relid=NNN, filters=[BoundFunction(=#NNN, children=[BoundColumnRef(t1.col, binding=#[0.1]), BoundConstant(1)])], estimated_cardinality=21)

 Physical Plan:
 PhysicalProjection(select_list=[BoundColumnRef(t1.col, binding=#[1.0]), BoundColumnRef(agg.count, binding=#[2.0])], output_names=[col, count], estimated_cardinality=0)
   PhysicalFilter(expressions=[BoundFunction(>#NNN, children=[BoundColumnRef(agg.count, binding=#[2.0]), BoundConstant(10)])], estimated_cardinality=0)
     PhysicalHashAggregate(group_index=#NNN, aggregate_index=#NNN, group_names=[col], aggregate_names=[count], groups=[BoundColumnRef(t1.col, binding=#[0.1])], expressions=[BoundAggregate(count#NNN)], estimated_cardinality=16)
       PhysicalTableScan(table=t1, table_index=#NNN, pg_rtindex=1, filters=[BoundFunction(=#NNN, children=[BoundColumnRef(t1.col, binding=#[0.1]), BoundConstant(1)])], estimated_cardinality=21)

\t off
\pset format aligned
\c postgres
DROP DATABASE pg_opt_wrappers;
